c:\users\rohit\source\repos\level2\level2\x64\debug\vc143.pdb
c:\users\rohit\source\repos\level2\level2\x64\debug\vc143.idb
c:\users\rohit\source\repos\level2\level2\x64\debug\vectors.obj
c:\users\rohit\source\repos\level2\level2\x64\debug\stringmanipulation.obj
c:\users\rohit\source\repos\level2\level2\x64\debug\recursions.obj
c:\users\rohit\source\repos\level2\level2\x64\debug\preprocessor.obj
c:\users\rohit\source\repos\level2\level2\x64\debug\pointers.obj
c:\users\rohit\source\repos\level2\level2\x64\debug\morerecursions.obj
c:\users\rohit\source\repos\level2\level2\x64\debug\driver.obj
c:\users\rohit\source\repos\level2\level2\x64\debug\contiguoussubarraygreatestsum.obj
c:\users\rohit\source\repos\level2\level2\x64\debug\bitwiseops.obj
c:\users\rohit\source\repos\level2\level2\x64\debug\arrays.obj
c:\users\rohit\source\repos\level2\level2\x64\debug\references.obj
c:\users\rohit\source\repos\level2\level2\x64\debug\sortsearch.obj
c:\users\rohit\source\repos\level2\level2\x64\debug\fileio.obj
c:\users\rohit\source\repos\level2\x64\debug\level2.exe
c:\users\rohit\source\repos\level2\x64\debug\level2.pdb
c:\users\rohit\source\repos\level2\level2\x64\debug\level2.ilk
c:\users\rohit\source\repos\level2\level2\x64\debug\pointers.obj.enc
c:\users\rohit\source\repos\level2\level2\x64\debug\stringmanipulation.obj.enc
c:\users\rohit\source\repos\level2\level2\x64\debug\level2.tlog\cl.command.1.tlog
c:\users\rohit\source\repos\level2\level2\x64\debug\level2.tlog\cl.items.tlog
c:\users\rohit\source\repos\level2\level2\x64\debug\level2.tlog\cl.read.1.tlog
c:\users\rohit\source\repos\level2\level2\x64\debug\level2.tlog\cl.write.1.tlog
c:\users\rohit\source\repos\level2\level2\x64\debug\level2.tlog\link.command.1.tlog
c:\users\rohit\source\repos\level2\level2\x64\debug\level2.tlog\link.read.1.tlog
c:\users\rohit\source\repos\level2\level2\x64\debug\level2.tlog\link.secondary.1.tlog
c:\users\rohit\source\repos\level2\level2\x64\debug\level2.tlog\link.write.1.tlog
